// Jest Snapshot v1, https://goo.gl/fbAQLP

exports[`It should be render correctly 1`] = `
<ul>
  <li>
    <label
      className="container"
    >
      7
      <input
        checked={false}
        name="question01"
        onChange={[Function]}
        type="radio"
        value={7}
      />
      <span
        className="check-mark"
      />
    </label>
  </li>
  <li>
    <label
      className="container"
    >
      5
      <input
        checked={false}
        name="question01"
        onChange={[Function]}
        type="radio"
        value={5}
      />
      <span
        className="check-mark"
      />
    </label>
  </li>
  <li>
    <label
      className="container"
    >
      9
      <input
        checked={false}
        name="question01"
        onChange={[Function]}
        type="radio"
        value={9}
      />
      <span
        className="check-mark"
      />
    </label>
  </li>
  <li>
    <label
      className="container"
    >
      8
      <input
        checked={false}
        name="question01"
        onChange={[Function]}
        type="radio"
        value={8}
      />
      <span
        className="check-mark"
      />
    </label>
  </li>
</ul>
`;

exports[`Radio It should be render correctly 1`] = `
<ul>
  <li>
    <label
      className="container"
    >
      7
      <input
        checked={false}
        name="question01"
        onChange={[Function]}
        type="radio"
        value={7}
      />
      <span
        className="check-mark"
      />
    </label>
  </li>
  <li>
    <label
      className="container"
    >
      5
      <input
        checked={false}
        name="question01"
        onChange={[Function]}
        type="radio"
        value={5}
      />
      <span
        className="check-mark"
      />
    </label>
  </li>
  <li>
    <label
      className="container"
    >
      9
      <input
        checked={false}
        name="question01"
        onChange={[Function]}
        type="radio"
        value={9}
      />
      <span
        className="check-mark"
      />
    </label>
  </li>
  <li>
    <label
      className="container"
    >
      8
      <input
        checked={false}
        name="question01"
        onChange={[Function]}
        type="radio"
        value={8}
      />
      <span
        className="check-mark"
      />
    </label>
  </li>
</ul>
`;
